(string) (len=55) "SELECT * FROM \"users\" WHERE (users.profile::text = $1);"
