([]interface {}) (len=1) {
  (string) (len=3) "Max"
}
